// Jest Snapshot v1, https://goo.gl/fbAQLP

exports[`Details Page displays course details when course exists 1`] = `
<DocumentFragment>
  <section
    class="page"
  >
    <h2
      class="page__title"
    >
      Course Details
    </h2>
    <div
      class="course-detail"
    >
      <div
        class="course-detail__image-container"
      >
        <img
          alt="Course 1"
          class="course-detail__image"
          src="image1.jpg"
        />
        <div
          class="carousel__control prev mt-1"
        >
          <button
            class="carousel__arrow"
            type="button"
          >
            <svg
              fill="currentColor"
              height="1em"
              stroke="currentColor"
              stroke-width="0"
              viewBox="0 0 24 24"
              width="1em"
              xmlns="http://www.w3.org/2000/svg"
            >
              <path
                d="M18.464 2.114a.998.998 0 0 0-1.033.063l-13 9a1.003 1.003 0 0 0 0 1.645l13 9A1 1 0 0 0 19 21V3a1 1 0 0 0-.536-.886zM17 19.091 6.757 12 17 4.909v14.182z"
              />
            </svg>
          </button>
        </div>
      </div>
      <div
        class="course-detail__details"
      >
        <h2
          class="mb-3"
        >
          Course 1
        </h2>
        <h3
          class="fs-5"
        >
          Description for course 1
        </h3>
        <p>
          Price: 
          <b>
            $5.99
          </b>
        </p>
        <p>
          Duration:
          <b>
            300 minutes
          </b>
        </p>
        <p>
          Instructor:
          <b>
            Instructor 1
          </b>
        </p>
        <button
          class="course-card__action reserve-btn btn-lg mx-auto my-3 btn btn-primary"
          type="button"
        >
          <svg
            class="me-1 fs-2"
            fill="currentColor"
            height="1em"
            stroke="currentColor"
            stroke-width="0"
            viewBox="0 0 16 16"
            width="1em"
            xmlns="http://www.w3.org/2000/svg"
          >
            <path
              d="M2 15.5V2a2 2 0 0 1 2-2h8a2 2 0 0 1 2 2v13.5a.5.5 0 0 1-.74.439L8 13.069l-5.26 2.87A.5.5 0 0 1 2 15.5zm6.5-11a.5.5 0 0 0-1 0V6H6a.5.5 0 0 0 0 1h1.5v1.5a.5.5 0 0 0 1 0V7H10a.5.5 0 0 0 0-1H8.5V4.5z"
              fill-rule="evenodd"
            />
          </svg>
          Reserve Course
          <svg
            class="ms-1 fs-2"
            fill="currentColor"
            height="1em"
            stroke="currentColor"
            stroke-width="0"
            viewBox="0 0 1024 1024"
            width="1em"
            xmlns="http://www.w3.org/2000/svg"
          >
            <path
              d="M512 0C229.232 0 0 229.232 0 512c0 282.784 229.232 512 512 512 282.784 0 512-229.216 512-512C1024 229.232 794.784 0 512 0zm0 961.008c-247.024 0-448-201.984-448-449.01 0-247.024 200.976-448 448-448s448 200.977 448 448-200.976 449.01-448 449.01zm20.368-642.368c-12.496 12.496-12.496 32.752 0 45.248l115.76 115.76H287.68c-17.68 0-32 14.336-32 32s14.32 32 32 32h362.464l-117.76 117.744c-12.496 12.496-12.496 32.752 0 45.248 6.256 6.256 14.432 9.376 22.624 9.376s16.368-3.12 22.624-9.376l189.008-194-189.008-194c-12.512-12.496-32.752-12.496-45.264 0z"
            />
          </svg>
        </button>
      </div>
    </div>
  </section>
</DocumentFragment>
`;
